        [step: frac 1.0  |dx| 1.27e-09  df 0.09%]
      [sj 0: RMS 8.3e-10  wres 1.04e-07  lam 3e-05]
[aan c1] FND-173 member: as stored RMS 8.3e-10 clos 5.1e-12 wsNyq 8.7e-04; re-gated RMS 8.3e-10 clos 5.0e-12 wsNyq 8.7e-04 om2 -1.110632 rounds 1; gated_rc True gated_clean False
      [sj 0: RMS 1.9e-09  wres 1.88e-03  lam 1e-03  no step]
    [aan c2A1 s1] RMS 1.89e-09  A2 0.0018792  Om2 2.14842  gam 0.57723  clos 1.5e-07  wsNyq 1.9e-09  [FAILS GATES]
      [sj resume from saved round 0  lam 1e-03]
      [sj 0: RMS 1.9e-09  wres 1.88e-03  lam 1e-02  no step]
    [aan c2A1 s1] RMS 1.89e-09  A2 0.0018792  Om2 2.14842  gam 0.57723  clos 1.5e-07  wsNyq 1.9e-09  [FAILS GATES]
      [sj resume from saved round 0  lam 1e-02]
        [step: frac 1.0  |dx| 1.65e-08  df 0.00%]
      [sj 0: RMS 1.1e-09  wres 1.88e-03  lam 3e-03]
    [aan c2A1 s1] RMS 1.05e-09  A2 0.0018792  Om2 2.14842  gam 0.57723  clos 1.5e-07  wsNyq 1.9e-09  [FAILS GATES]
      [sj resume from saved round 0  lam 3e-03]
        [step: frac 1.0  |dx| 1.55e-05  df 0.05%]
      [sj 0: RMS 8.0e-08  wres 1.88e-03  lam 1e-03]
        [step: frac 1.0  |dx| 5.05e-05  df 0.15%]
      [sj 1: RMS 9.8e-08  wres 1.88e-03  lam 4e-04]
        [step: frac 1.0  |dx| 4.26e-02  df 91.95%]
      [sj 2: RMS 1.2e-06  wres 1.51e-04  lam 1e-09]
        [step: frac 1.0  |dx| 2.96e-03  df 98.80%]
      [sj 3: RMS 6.4e-09  wres 1.81e-06  lam 1e-09]
    [aan c2A1 s1] RMS 6.35e-09  A2 0.0019167  Om2 2.14890  gam 0.57722  clos 2.7e-07  wsNyq 2.0e-09  [MEMBER]
[aan c2A1] aligned s1 gated at pin 0.0019167: RMS 6.4e-09 wsNyq 2.0e-09 rounds 7
        [step: frac 0.25  |dx| 2.57e-04  df 4.82%]
      [sj 0: RMS 5.5e-06  wres 8.65e-04  lam 3e-05]
python : Traceback (most recent call last):
At line:2 char:10
+   $out = python benchmarks\foundations\antiarc_nyq.py 2>&1 | Tee-Obje ...
+          ~~~~~~~~~~~~~~~~~~~~~~~~~~~~~~~~~~~~~~~~~~~~~~~~~
    + CategoryInfo          : NotSpecified: (Traceback (most recent call last)::String) [], RemoteException
    + FullyQualifiedErrorId : NativeCommandError
 
  File "C:\Users\mark11.palmer\rope\benchmarks\foundations\antiarc_nyq.py", line 141, in <module>
    main()
  File "C:\Users\mark11.palmer\rope\benchmarks\foundations\antiarc_nyq.py", line 106, in main
    xn, m, cum = arc_point(Tl, st, f'sj|{key}|p0', a0, np.asarray(R['s1'], float), arm)
                 ^^^^^^^^^^^^^^^^^^^^^^^^^^^^^^^^^^^^^^^^^^^^^^^^^^^^^^^^^^^^^^^^^^^^^^
  File "C:\Users\mark11.palmer\rope\benchmarks\foundations\antiarc_nyq.py", line 70, in arc_point
    xn = SJ.gn_sparse(T, xb + DS * t, 'arc', (xb, t, DS), sj, bs, rounds=max(1, 60 - cum), st=st, key=key, 
project=proj_for(T, arm))
         ^^^^^^^^^^^^^^^^^^^^^^^^^^^^^^^^^^^^^^^^^^^^^^^^^^^^^^^^^^^^^^^^^^^^^^^^^^^^^^^^^^^^^^^^^^^^^^^^^^^^^^^^^^^^^^
^^^^^^^^^^^^^
  File "C:\Users\mark11.palmer\rope\benchmarks\foundations\sparsej_instrument.py", line 332, in gn_sparse
    J, r0 = sj(x, pin_mode, aux, PW)                    # [SJ-1]
            ^^^^^^^^^^^^^^^^^^^^^^^^
  File "C:\Users\mark11.palmer\rope\benchmarks\foundations\sparsej_instrument.py", line 110, in __call__
    J, r0 = pickle.loads(mp.read_bytes())
            ^^^^^^^^^^^^^^^^^^^^^^^^^^^^^
EOFError: Ran out of input
        [step: frac 0.25  |dx| 2.57e-04  df 4.82%]
      [sj 0: RMS 5.5e-06  wres 8.65e-04  lam 3e-05]
      [alt: lsmr step accepted]
      [sj 1: RMS 2.3e-07  wres 3.88e-04  lam 3e-04]
      [alt: lsmr step accepted]
      [sj 2: RMS 3.6e-09  wres 2.93e-04  lam 3e-03]
        [step: frac 1.0  |dx| 3.03e-08  df 0.02%]
      [sj 3: RMS 3.5e-09  wres 2.93e-04  lam 1e-03]
      [alt: lsmr step accepted]
      [sj 4: RMS 2.6e-09  wres 2.93e-04  lam 1e-08]
      [alt: lsmr step accepted]
      [sj 5: RMS 2.0e-09  wres 2.90e-04  lam 1e-07]
      [alt: lsmr step accepted]
      [sj 6: RMS 1.9e-09  wres 2.90e-04  lam 1e-06]
      [sj 7 (gnd-esc): RMS 1.9e-09  wres 2.89e-04]
      [alt: lsmr step accepted]
      [sj 8: RMS 1.8e-09  wres 2.89e-04  lam 1e-05]
      [alt: lsmr step accepted]
      [sj 9: RMS 1.8e-09  wres 2.88e-04  lam 1e-04]
        [step: frac 1.0  |dx| 1.34e-07  df 0.00%]
      [sj 10: RMS 1.8e-09  wres 2.88e-04  lam 3e-05]
      [alt: lsmr step accepted]
      [sj 11: RMS 1.7e-09  wres 2.86e-04  lam 1e-08]
      [alt: lsmr step accepted]
      [sj 12: RMS 1.7e-09  wres 2.86e-04  lam 1e-07]
      [alt: lsmr step accepted]
      [sj 13: RMS 1.7e-09  wres 2.84e-04  lam 1e-06]
      [sj 14 (gnd-esc): RMS 1.7e-09  wres 2.84e-04]
      [alt: lsmr step accepted]
      [sj 15: RMS 1.7e-09  wres 2.83e-04  lam 1e-05]
      [alt: lsmr step accepted]
      [sj 16: RMS 1.7e-09  wres 2.82e-04  lam 1e-04]
        [step: frac 1.0  |dx| 1.33e-07  df 0.00%]
      [sj 17: RMS 1.7e-09  wres 2.82e-04  lam 3e-05]
      [alt: lsmr step accepted]
      [sj 18: RMS 1.7e-09  wres 2.79e-04  lam 1e-08]
      [alt: lsmr step accepted]
      [sj 19: RMS 1.7e-09  wres 2.79e-04  lam 1e-07]
      [alt: lsmr step accepted]
      [sj 20: RMS 1.7e-09  wres 2.78e-04  lam 1e-06]
      [sj 21 (gnd-esc): RMS 1.7e-09  wres 2.77e-04]
      [alt: lsmr step accepted]
      [sj 22: RMS 1.7e-09  wres 2.77e-04  lam 1e-05]
      [alt: lsmr step accepted]
      [sj 23: RMS 1.7e-09  wres 2.76e-04  lam 1e-04]
        [step: frac 1.0  |dx| 1.33e-07  df 0.00%]
      [sj 24: RMS 1.7e-09  wres 2.76e-04  lam 3e-05]
      [alt: lsmr step accepted]
      [sj 25: RMS 1.7e-09  wres 2.73e-04  lam 1e-08]
      [alt: lsmr step accepted]
      [sj 26: RMS 1.7e-09  wres 2.73e-04  lam 1e-07]
      [alt: lsmr step accepted]
      [sj 27: RMS 1.7e-09  wres 2.72e-04  lam 1e-06]
      [sj 28 (gnd-esc): RMS 1.7e-09  wres 2.72e-04]
      [alt: lsmr step accepted]
      [sj 29: RMS 1.7e-09  wres 2.71e-04  lam 1e-05]
      [alt: lsmr step accepted]
      [sj 30: RMS 1.7e-09  wres 2.70e-04  lam 1e-04]
        [step: frac 1.0  |dx| 1.32e-07  df 0.00%]
      [sj 31: RMS 1.7e-09  wres 2.70e-04  lam 3e-05]
      [alt: lsmr step accepted]
      [sj 32: RMS 1.6e-09  wres 2.68e-04  lam 1e-08]
      [alt: lsmr step accepted]
      [sj 33: RMS 1.6e-09  wres 2.67e-04  lam 1e-07]
      [alt: lsmr step accepted]
      [sj 34: RMS 1.6e-09  wres 2.66e-04  lam 1e-06]
      [sj 35 (gnd-esc): RMS 1.6e-09  wres 2.66e-04]
      [alt: lsmr step accepted]
      [sj 36: RMS 1.6e-09  wres 2.65e-04  lam 1e-05]
      [alt: lsmr step accepted]
      [sj 37: RMS 1.6e-09  wres 2.65e-04  lam 1e-04]
        [step: frac 1.0  |dx| 1.32e-07  df 0.00%]
      [sj 38: RMS 1.7e-09  wres 2.65e-04  lam 3e-05]
      [alt: lsmr step accepted]
      [sj 39: RMS 1.6e-09  wres 2.62e-04  lam 1e-08]
      [alt: lsmr step accepted]
      [sj 40: RMS 1.6e-09  wres 2.62e-04  lam 1e-07]
      [alt: lsmr step accepted]
      [sj 41: RMS 1.6e-09  wres 2.60e-04  lam 1e-06]
      [sj 42 (gnd-esc): RMS 1.6e-09  wres 2.60e-04]
      [alt: lsmr step accepted]
      [sj 43: RMS 1.6e-09  wres 2.59e-04  lam 1e-05]
      [alt: lsmr step accepted]
      [sj 44: RMS 1.6e-09  wres 2.59e-04  lam 1e-04]
        [step: frac 1.0  |dx| 1.31e-07  df 0.00%]
      [sj 45: RMS 1.6e-09  wres 2.59e-04  lam 3e-05]
      [alt: lsmr step accepted]
      [sj 46: RMS 1.6e-09  wres 2.56e-04  lam 1e-08]
      [alt: lsmr step accepted]
      [sj 47: RMS 1.6e-09  wres 2.56e-04  lam 1e-07]
      [alt: lsmr step accepted]
      [sj 48: RMS 1.6e-09  wres 2.54e-04  lam 1e-06]
      [sj 49 (gnd-esc): RMS 1.6e-09  wres 2.54e-04]
      [alt: lsmr step accepted]
      [sj 50: RMS 1.6e-09  wres 2.53e-04  lam 1e-05]
      [alt: lsmr step accepted]
      [sj 51: RMS 1.6e-09  wres 2.53e-04  lam 1e-04]
        [step: frac 1.0  |dx| 1.31e-07  df 0.00%]
      [sj 52: RMS 1.6e-09  wres 2.53e-04  lam 3e-05]
      [alt: lsmr step accepted]
      [sj 53: RMS 1.6e-09  wres 2.50e-04  lam 1e-08]
      [alt: lsmr step accepted]
      [sj 54: RMS 1.6e-09  wres 2.49e-04  lam 1e-07]
      [alt: lsmr step accepted]
      [sj 55: RMS 1.6e-09  wres 2.48e-04  lam 1e-06]
      [sj 56 (gnd-esc): RMS 1.6e-09  wres 2.48e-04]
      [alt: lsmr step accepted]
      [sj 57: RMS 1.6e-09  wres 2.47e-04  lam 1e-05]
      [alt: lsmr step accepted]
      [sj 58: RMS 1.6e-09  wres 2.46e-04  lam 1e-04]
        [step: frac 1.0  |dx| 1.31e-07  df 0.00%]
      [sj 59: RMS 1.6e-09  wres 2.46e-04  lam 3e-05]
[aan c2A1] aligned arc point: RMS 1.6e-09 clos 1.0e-06 wsNyq 4.0e-09 gated_clean False rounds 60
        [step: frac 1.0  |dx| 5.52e-04  df 1.60%]
      [sj 0: RMS 2.0e-07  wres 1.85e-03  lam 3e-05]
        [step: frac 1.0  |dx| 1.55e-03  df 4.46%]
      [sj 1: RMS 6.2e-07  wres 1.77e-03  lam 1e-05]
        [step: frac 1.0  |dx| 3.96e-03  df 11.46%]
      [sj 2: RMS 1.4e-06  wres 1.56e-03  lam 4e-06]
        [step: frac 1.0  |dx| 3.76e-02  df 91.66%]
      [sj 3: RMS 1.0e-06  wres 1.30e-04  lam 1e-09]
        [step: frac 1.0  |dx| 2.90e-03  df 98.22%]
      [sj 4: RMS 1.3e-08  wres 2.32e-06  lam 1e-09]
        [step: frac 1.0  |dx| 4.39e-04  df 49.37%]
      [sj 5: RMS 9.2e-09  wres 1.17e-06  lam 1e-09]
    [aan c2A2 s1] RMS 9.22e-09  A2 0.0019167  Om2 2.14890  gam 0.57722  clos 4.0e-08  wsNyq 1.9e-09  [MEMBER]
[aan c2A2] aligned s1 gated at pin 0.0019167: RMS 9.2e-09 wsNyq 1.9e-09 rounds 6
        [step: frac 0.25  |dx| 2.61e-04  df 5.03%]
      [sj 0: RMS 5.6e-06  wres 8.75e-04  lam 3e-05]
      [alt: lsmr step accepted]
      [sj 1: RMS 2.3e-07  wres 3.88e-04  lam 3e-04]
      [alt: lsmr step accepted]
      [sj 2: RMS 2.3e-08  wres 2.97e-04  lam 3e-03]
        [step: frac 1.0  |dx| 1.04e-07  df 0.02%]
      [sj 3: RMS 2.0e-08  wres 2.97e-04  lam 1e-03]
      [alt: lsmr step accepted]
      [sj 4: RMS 1.9e-08  wres 2.96e-04  lam 1e-08]
      [alt: lsmr step accepted]
      [sj 5: RMS 1.9e-08  wres 2.96e-04  lam 1e-07]
      [alt: lsmr step accepted]
      [sj 6: RMS 1.9e-08  wres 2.95e-04  lam 1e-06]
      [sj 7 (gnd-esc): RMS 1.8e-08  wres 2.95e-04]
      [alt: lsmr step accepted]
      [sj 8: RMS 1.8e-08  wres 2.95e-04  lam 1e-05]
      [alt: lsmr step accepted]
      [sj 9: RMS 1.8e-08  wres 2.95e-04  lam 1e-04]
      [alt: lsmr step accepted]
      [sj 10: RMS 1.7e-08  wres 2.95e-04  lam 1e-03]
      [alt: lsmr step accepted]
      [sj 11: RMS 1.7e-08  wres 2.95e-04  lam 1e-08]
      [alt: lsmr step accepted]
      [sj 12: RMS 1.7e-08  wres 2.95e-04  lam 1e-07]
      [alt: lsmr step accepted]
      [sj 13: RMS 1.6e-08  wres 2.95e-04  lam 1e-06]
      [sj 14 (gnd-esc): RMS 1.6e-08  wres 2.95e-04]
      [alt: lsmr step accepted]
      [sj 15: RMS 1.6e-08  wres 2.95e-04  lam 1e-05]
      [sj resume from saved round 15  lam 1e-05]
      [alt: lsmr step accepted]
      [sj 0: RMS 1.6e-08  wres 2.94e-04  lam 1e-04]
      [alt: lsmr step accepted]
      [sj 1: RMS 1.5e-08  wres 2.94e-04  lam 1e-03]
      [alt: lsmr step accepted]
      [sj 2: RMS 1.5e-08  wres 2.94e-04  lam 1e-08]
      [alt: lsmr step accepted]
      [sj 3: RMS 1.5e-08  wres 2.94e-04  lam 1e-07]
      [alt: lsmr step accepted]
      [sj 4: RMS 1.5e-08  wres 2.94e-04  lam 1e-06]
      [sj 5 (gnd-esc): RMS 1.5e-08  wres 2.94e-04]
      [alt: lsmr step accepted]
      [sj 6: RMS 1.4e-08  wres 2.94e-04  lam 1e-05]
      [alt: lsmr step accepted]
      [sj 7: RMS 1.4e-08  wres 2.94e-04  lam 1e-04]
      [alt: lsmr step accepted]
      [sj 8: RMS 1.4e-08  wres 2.94e-04  lam 1e-03]
      [alt: lsmr step accepted]
      [sj 9: RMS 1.4e-08  wres 2.94e-04  lam 1e-08]
      [alt: lsmr step accepted]
      [sj 10: RMS 1.4e-08  wres 2.94e-04  lam 1e-07]
      [alt: lsmr step accepted]
      [sj 11: RMS 1.4e-08  wres 2.94e-04  lam 1e-06]
      [sj 12 (gnd-esc): RMS 1.4e-08  wres 2.94e-04]
      [alt: lsmr step accepted]
      [sj 13: RMS 1.3e-08  wres 2.94e-04  lam 1e-05]
      [alt: lsmr step accepted]
      [sj 14: RMS 1.3e-08  wres 2.94e-04  lam 1e-04]
      [alt: lsmr step accepted]
      [sj 15: RMS 1.3e-08  wres 2.94e-04  lam 1e-03]
      [alt: lsmr step accepted]
      [sj 16: RMS 1.3e-08  wres 2.94e-04  lam 1e-08]
      [alt: lsmr step accepted]
      [sj 17: RMS 1.3e-08  wres 2.94e-04  lam 1e-07]
      [alt: lsmr step accepted]
      [sj 18: RMS 1.3e-08  wres 2.94e-04  lam 1e-06]
      [sj 19 (gnd-esc): RMS 1.3e-08  wres 2.94e-04]
      [alt: lsmr step accepted]
      [sj 20: RMS 1.2e-08  wres 2.94e-04  lam 1e-05]
      [alt: lsmr step accepted]
      [sj 21: RMS 1.2e-08  wres 2.94e-04  lam 1e-04]
      [alt: lsmr step accepted]
      [sj 22: RMS 1.2e-08  wres 2.94e-04  lam 1e-03]
      [alt: lsmr step accepted]
      [sj 23: RMS 1.2e-08  wres 2.93e-04  lam 1e-08]
      [alt: lsmr step accepted]
      [sj 24: RMS 1.2e-08  wres 2.93e-04  lam 1e-07]
      [alt: lsmr step accepted]
      [sj 25: RMS 1.2e-08  wres 2.93e-04  lam 1e-06]
      [sj 26 (gnd-esc): RMS 1.2e-08  wres 2.93e-04]
      [alt: lsmr step accepted]
      [sj 27: RMS 1.2e-08  wres 2.93e-04  lam 1e-05]
      [alt: lsmr step accepted]
      [sj 28: RMS 1.2e-08  wres 2.93e-04  lam 1e-04]
      [alt: lsmr step accepted]
      [sj 29: RMS 1.1e-08  wres 2.93e-04  lam 1e-03]
      [alt: lsmr step accepted]
      [sj 30: RMS 1.1e-08  wres 2.93e-04  lam 1e-08]
      [alt: lsmr step accepted]
      [sj 31: RMS 1.1e-08  wres 2.93e-04  lam 1e-07]
      [alt: lsmr step accepted]
      [sj 32: RMS 1.1e-08  wres 2.93e-04  lam 1e-06]
      [sj 33 (gnd-esc): RMS 1.1e-08  wres 2.93e-04]
      [alt: lsmr step accepted]
      [sj 34: RMS 1.1e-08  wres 2.93e-04  lam 1e-05]
      [alt: lsmr step accepted]
      [sj 35: RMS 1.1e-08  wres 2.93e-04  lam 1e-04]
      [alt: lsmr step accepted]
      [sj 36: RMS 1.1e-08  wres 2.93e-04  lam 1e-03]
      [alt: lsmr step accepted]
      [sj 37: RMS 1.1e-08  wres 2.93e-04  lam 1e-08]
      [alt: lsmr step accepted]
      [sj 38: RMS 1.1e-08  wres 2.93e-04  lam 1e-07]
      [alt: lsmr step accepted]
      [sj 39: RMS 1.1e-08  wres 2.93e-04  lam 1e-06]
      [sj 40 (gnd-esc): RMS 1.1e-08  wres 2.93e-04]
      [alt: lsmr step accepted]
      [sj 41: RMS 1.0e-08  wres 2.93e-04  lam 1e-05]
      [alt: lsmr step accepted]
      [sj 42: RMS 1.0e-08  wres 2.93e-04  lam 1e-04]
      [alt: lsmr step accepted]
      [sj 43: RMS 1.0e-08  wres 2.93e-04  lam 1e-03]
[aan c2A2] aligned arc point: RMS 1.0e-08 clos 4.2e-07 wsNyq 1.9e-09 gated_clean False rounds 60
        [step: frac 1.0  |dx| 1.81e-03  df 10.33%]
      [sj 0: RMS 7.6e-09  wres 1.69e-03  lam 3e-05]
    [aan s1] RMS 7.59e-09  A2 0.0018830  Om2 -1.11063  gam 0.57729  clos 1.1e-11  wsNyq 8.7e-04  [FAILS GATES]  (conf owed to stage 3)
      [sj resume from saved round 0  lam 3e-05]
        [step: frac 1.0  |dx| 4.03e-03  df 25.68%]
      [sj 0: RMS 2.3e-08  wres 1.25e-03  lam 1e-05]
        [step: frac 1.0  |dx| 5.94e-03  df 50.89%]
      [sj 1: RMS 4.2e-08  wres 6.15e-04  lam 4e-06]
        [step: frac 1.0  |dx| 4.33e-03  df 75.63%]
      [sj 2: RMS 5.1e-08  wres 1.50e-04  lam 1e-06]
        [step: frac 1.0  |dx| 1.26e-03  df 89.45%]
      [sj 3: RMS 5.0e-08  wres 1.58e-05  lam 4e-07]
        [step: frac 1.0  |dx| 1.65e-04  df 64.63%]
      [sj 4: RMS 4.5e-08  wres 5.59e-06  lam 1e-07]
        [step: frac 1.0  |dx| 2.23e-04  df 23.69%]
      [sj 5: RMS 3.4e-08  wres 4.27e-06  lam 5e-08]
        [step: frac 1.0  |dx| 3.14e-04  df 31.70%]
      [sj 6: RMS 2.3e-08  wres 2.91e-06  lam 2e-08]
        [step: frac 1.0  |dx| 3.88e-04  df 31.25%]
      [sj 7: RMS 1.6e-08  wres 2.00e-06  lam 5e-09]
        [step: frac 1.0  |dx| 5.15e-04  df 49.50%]
      [sj 8: RMS 8.1e-09  wres 1.01e-06  lam 2e-09]
    [aan s1] RMS 8.11e-09  A2 0.0019167  Om2 -1.11063  gam 0.57729  clos 6.8e-12  wsNyq 8.8e-04  [MEMBER]  (conf owed to stage 3)
[aan seeds] s1 gated A2 0.0019167 RMS 8.1e-09 wsNyq 8.8e-04 om2 -1.110632
        [step: frac 1.0  |dx| 1.17e-05  df 86.82%]
      [sj 0: RMS 4.4e-08  wres 9.45e-06  lam 3e-05]
        [step: frac 1.0  |dx| 1.56e-05  df 14.05%]
      [sj 1: RMS 4.4e-08  wres 8.13e-06  lam 1e-05]
        [step: frac 1.0  |dx| 2.48e-05  df 20.93%]
      [sj 2: RMS 4.5e-08  wres 6.43e-06  lam 4e-06]
        [step: frac 1.0  |dx| 2.08e-05  df 11.67%]
      [sj 3: RMS 4.5e-08  wres 5.68e-06  lam 1e-06]
        [step: frac 1.0  |dx| 1.46e-05  df 1.78%]
      [sj 4: RMS 4.5e-08  wres 5.58e-06  lam 4e-07]
        [step: frac 1.0  |dx| 2.27e-03  df 79.82%]
      [sj 5: RMS 9.0e-09  wres 1.13e-06  lam 1e-09]
[aan A1 p0] gated_rc; wsNyq 9.0e-04 over bar; A2 0.0020024 (other measurements sealed) rounds 6
        [step: frac 1.0  |dx| 2.34e-05  df 94.73%]
      [sj 0: RMS 4.7e-09  wres 1.26e-05  lam 3e-05]
[aan A1 p1] gated_rc; wsNyq 9.2e-04 over bar; A2 0.0021736 (other measurements sealed) rounds 1
        [step: frac 1.0  |dx| 3.75e-05  df 85.31%]
      [sj 0: RMS 1.3e-08  wres 3.55e-05  lam 3e-05]
        [step: frac 1.0  |dx| 7.22e-05  df 22.26%]
      [sj 1: RMS 1.9e-08  wres 2.76e-05  lam 1e-05]
        [step: frac 1.0  |dx| 1.15e-04  df 44.51%]
      [sj 2: RMS 3.0e-08  wres 1.53e-05  lam 4e-06]
        [step: frac 1.0  |dx| 9.47e-05  df 56.85%]
      [sj 3: RMS 3.9e-08  wres 6.61e-06  lam 1e-06]
        [step: frac 1.0  |dx| 5.17e-05  df 24.37%]
      [sj 4: RMS 3.9e-08  wres 5.00e-06  lam 4e-07]
        [step: frac 1.0  |dx| 1.02e-04  df 17.72%]
      [sj 5: RMS 3.3e-08  wres 4.12e-06  lam 1e-07]
        [step: frac 1.0  |dx| 1.84e-04  df 36.63%]
      [sj 6: RMS 2.1e-08  wres 2.61e-06  lam 5e-08]
        [step: frac 1.0  |dx| 1.97e-04  df 50.43%]
      [sj 7: RMS 1.0e-08  wres 1.29e-06  lam 2e-08]
        [step: frac 1.0  |dx| 1.57e-04  df 36.30%]
      [sj 8: RMS 6.6e-09  wres 8.23e-07  lam 5e-09]
[aan A1 p2] gated_rc; wsNyq 9.4e-04 over bar; A2 0.0023448 (other measurements sealed) rounds 9
        [step: frac 1.0  |dx| 1.94e-05  df 99.06%]
      [sj 0: RMS 1.7e-08  wres 2.40e-06  lam 3e-05]
        [step: frac 1.0  |dx| 2.31e-06  df 5.25%]
      [sj 1: RMS 1.7e-08  wres 2.27e-06  lam 1e-05]
        [step: frac 1.0  |dx| 3.70e-06  df 5.38%]
      [sj 2: RMS 1.7e-08  wres 2.15e-06  lam 4e-06]
        [step: frac 1.0  |dx| 8.18e-04  df 70.65%]
      [sj 3: RMS 5.1e-09  wres 6.31e-07  lam 1e-09]
[aan A1 p3] gated_rc; wsNyq 9.6e-04 over bar; A2 0.0025162 (other measurements sealed) rounds 4
        [step: frac 1.0  |dx| 2.08e-05  df 94.16%]
      [sj 0: RMS 6.9e-09  wres 1.26e-05  lam 3e-05]
[aan A1 p4] gated_rc; wsNyq 9.7e-04 over bar; A2 0.0026875 (other measurements sealed) rounds 1
        [step: frac 1.0  |dx| 3.58e-05  df 83.74%]
      [sj 0: RMS 1.5e-08  wres 3.56e-05  lam 3e-05]
        [step: frac 1.0  |dx| 7.20e-05  df 22.06%]
      [sj 1: RMS 2.3e-08  wres 2.78e-05  lam 1e-05]
        [step: frac 1.0  |dx| 1.14e-04  df 43.51%]
      [sj 2: RMS 3.7e-08  wres 1.57e-05  lam 4e-06]
        [step: frac 1.0  |dx| 9.49e-05  df 52.33%]
      [sj 3: RMS 4.7e-08  wres 7.47e-06  lam 1e-06]
        [step: frac 1.0  |dx| 6.40e-05  df 21.84%]
      [sj 4: RMS 4.6e-08  wres 5.84e-06  lam 4e-07]
        [step: frac 1.0  |dx| 1.30e-04  df 22.64%]
      [sj 5: RMS 3.6e-08  wres 4.52e-06  lam 1e-07]
        [step: frac 1.0  |dx| 2.05e-04  df 43.47%]
      [sj 6: RMS 2.0e-08  wres 2.55e-06  lam 5e-08]
        [step: frac 1.0  |dx| 1.77e-04  df 50.37%]
      [sj 7: RMS 1.0e-08  wres 1.27e-06  lam 2e-08]
        [step: frac 1.0  |dx| 1.28e-04  df 23.80%]
      [sj 8: RMS 7.7e-09  wres 9.66e-07  lam 5e-09]
[aan A1 p5] gated_rc; wsNyq 1.0e-03 over bar; A2 0.0028589 (other measurements sealed) rounds 9
        [step: frac 1.0  |dx| 1.64e-05  df 99.19%]
      [sj 0: RMS 1.2e-08  wres 1.93e-06  lam 3e-05]
        [step: frac 1.0  |dx| 2.35e-06  df 8.20%]
      [sj 1: RMS 1.2e-08  wres 1.77e-06  lam 1e-05]
        [step: frac 1.0  |dx| 3.74e-06  df 9.36%]
      [sj 2: RMS 1.2e-08  wres 1.60e-06  lam 4e-06]
        [step: frac 1.0  |dx| 5.80e-04  df 49.88%]
      [sj 3: RMS 6.5e-09  wres 8.04e-07  lam 1e-09]
[aan A1 p6] gated_rc; wsNyq 1.0e-03 over bar; A2 0.0030303 (other measurements sealed) rounds 4
        [step: frac 1.0  |dx| 1.90e-05  df 94.19%]
      [sj 0: RMS 7.6e-09  wres 1.26e-05  lam 3e-05]
[aan A1 p7] gated_rc; wsNyq 1.0e-03 over bar; A2 0.0032018 (other measurements sealed) rounds 1
        [step: frac 1.0  |dx| 3.48e-05  df 83.81%]
      [sj 0: RMS 1.6e-08  wres 3.57e-05  lam 3e-05]
        [step: frac 1.0  |dx| 7.20e-05  df 21.95%]
      [sj 1: RMS 2.5e-08  wres 2.78e-05  lam 1e-05]
        [step: frac 1.0  |dx| 1.14e-04  df 42.87%]
      [sj 2: RMS 4.0e-08  wres 1.59e-05  lam 4e-06]
        [step: frac 1.0  |dx| 9.55e-05  df 49.85%]
      [sj 3: RMS 5.1e-08  wres 7.98e-06  lam 1e-06]
        [step: frac 1.0  |dx| 7.54e-05  df 22.33%]
      [sj 4: RMS 4.8e-08  wres 6.20e-06  lam 4e-07]
        [step: frac 1.0  |dx| 1.48e-04  df 28.16%]
      [sj 5: RMS 3.5e-08  wres 4.45e-06  lam 1e-07]
        [step: frac 1.0  |dx| 2.01e-04  df 49.82%]
      [sj 6: RMS 1.8e-08  wres 2.23e-06  lam 5e-08]
        [step: frac 1.0  |dx| 1.43e-04  df 48.60%]
      [sj 7: RMS 9.2e-09  wres 1.15e-06  lam 2e-08]
[aan A1 p8] gated_rc; wsNyq 1.1e-03 over bar; A2 0.0033732 (other measurements sealed) rounds 8
        [step: frac 1.0  |dx| 1.47e-05  df 99.08%]
      [sj 0: RMS 1.5e-08  wres 2.27e-06  lam 3e-05]
        [step: frac 1.0  |dx| 2.40e-06  df 5.90%]
      [sj 1: RMS 1.5e-08  wres 2.14e-06  lam 1e-05]
        [step: frac 1.0  |dx| 3.91e-06  df 6.66%]
      [sj 2: RMS 1.5e-08  wres 1.99e-06  lam 4e-06]
        [step: frac 1.0  |dx| 6.64e-04  df 60.85%]
      [sj 3: RMS 6.3e-09  wres 7.81e-07  lam 1e-09]
[aan A1 p9] gated_rc; wsNyq 1.1e-03 over bar; A2 0.0035446 (other measurements sealed) rounds 4
        [step: frac 1.0  |dx| 1.74e-05  df 94.33%]
      [sj 0: RMS 5.9e-09  wres 1.26e-05  lam 3e-05]
[aan A1 p10] gated_rc; wsNyq 1.1e-03 over bar; A2 0.0037161 (other measurements sealed) rounds 1
        [step: frac 1.0  |dx| 3.41e-05  df 84.20%]
      [sj 0: RMS 8.0e-09  wres 3.56e-05  lam 3e-05]
[aan A1 p11] gated_rc; wsNyq 1.1e-03 over bar; A2 0.0038876 (other measurements sealed) rounds 1
        [step: frac 1.0  |dx| 5.93e-05  df 71.63%]
      [sj 0: RMS 2.3e-08  wres 6.61e-05  lam 3e-05]
        [step: frac 1.0  |dx| 1.33e-04  df 21.94%]
      [sj 1: RMS 4.3e-08  wres 5.16e-05  lam 1e-05]
        [step: frac 1.0  |dx| 2.10e-04  df 42.56%]
      [sj 2: RMS 7.5e-08  wres 2.96e-05  lam 4e-06]
        [step: frac 1.0  |dx| 1.79e-04  df 48.90%]
      [sj 3: RMS 9.6e-08  wres 1.51e-05  lam 1e-06]
        [step: frac 1.0  |dx| 1.61e-04  df 25.46%]
      [sj 4: RMS 8.8e-08  wres 1.13e-05  lam 4e-07]
        [step: frac 1.0  |dx| 2.88e-04  df 36.43%]
      [sj 5: RMS 5.7e-08  wres 7.17e-06  lam 1e-07]
        [step: frac 1.0  |dx| 3.19e-04  df 59.39%]
      [sj 6: RMS 2.3e-08  wres 2.91e-06  lam 5e-08]
        [step: frac 1.0  |dx| 1.85e-04  df 54.61%]
      [sj 7: RMS 1.1e-08  wres 1.32e-06  lam 2e-08]
        [step: frac 1.0  |dx| 1.60e-04  df 28.28%]
      [sj 8: RMS 7.6e-09  wres 9.48e-07  lam 5e-09]
[aan A1 p12] gated_rc; wsNyq 1.1e-03 over bar; A2 0.0040590 (other measurements sealed) rounds 9
        [step: frac 1.0  |dx| 2.11e-05  df 92.64%]
      [sj 0: RMS 1.6e-08  wres 1.98e-05  lam 3e-05]
        [step: frac 1.0  |dx| 3.97e-05  df 21.53%]
      [sj 1: RMS 2.1e-08  wres 1.56e-05  lam 1e-05]
        [step: frac 1.0  |dx| 6.26e-05  df 41.03%]
      [sj 2: RMS 2.9e-08  wres 9.18e-06  lam 4e-06]
        [step: frac 1.0  |dx| 5.41e-05  df 44.28%]
      [sj 3: RMS 3.4e-08  wres 5.12e-06  lam 1e-06]
        [step: frac 1.0  |dx| 5.40e-05  df 23.20%]
      [sj 4: RMS 3.1e-08  wres 3.93e-06  lam 4e-07]
        [step: frac 1.0  |dx| 9.34e-05  df 33.74%]
      [sj 5: RMS 2.1e-08  wres 2.60e-06  lam 1e-07]
        [step: frac 1.0  |dx| 9.46e-05  df 42.99%]
      [sj 6: RMS 1.2e-08  wres 1.48e-06  lam 5e-08]
        [step: frac 1.0  |dx| 7.14e-05  df 23.41%]
      [sj 7: RMS 9.1e-09  wres 1.14e-06  lam 2e-08]
[aan A1 p13] gated_rc; wsNyq 1.2e-03 over bar; A2 0.0042304 (other measurements sealed) rounds 8
        [step: frac 1.0  |dx| 1.64e-05  df 94.77%]
      [sj 0: RMS 1.3e-08  wres 1.27e-05  lam 3e-05]
        [step: frac 1.0  |dx| 2.57e-05  df 22.00%]
      [sj 1: RMS 1.3e-08  wres 9.92e-06  lam 1e-05]
        [step: frac 1.0  |dx| 4.04e-05  df 42.56%]
      [sj 2: RMS 1.6e-08  wres 5.70e-06  lam 4e-06]
        [step: frac 1.0  |dx| 3.39e-05  df 48.04%]
      [sj 3: RMS 1.9e-08  wres 2.96e-06  lam 1e-06]
        [step: frac 1.0  |dx| 2.78e-05  df 20.50%]
      [sj 4: RMS 1.8e-08  wres 2.35e-06  lam 4e-07]
        [step: frac 1.0  |dx| 4.79e-05  df 19.08%]
      [sj 5: RMS 1.5e-08  wres 1.90e-06  lam 1e-07]
        [step: frac 1.0  |dx| 6.13e-05  df 16.80%]
      [sj 6: RMS 1.3e-08  wres 1.58e-06  lam 5e-08]
        [step: frac 1.0  |dx| 9.26e-05  df 14.22%]
      [sj 7: RMS 1.1e-08  wres 1.36e-06  lam 2e-08]
        [step: frac 1.0  |dx| 1.52e-04  df 21.28%]
      [sj 8: RMS 8.6e-09  wres 1.07e-06  lam 5e-09]
[aan A1 p14] gated_rc; wsNyq 1.2e-03 over bar; A2 0.0044019 (other measurements sealed) rounds 9
        [step: frac 1.0  |dx| 1.59e-05  df 94.63%]
      [sj 0: RMS 9.9e-09  wres 1.27e-05  lam 3e-05]
[aan A1 p15] gated_rc; wsNyq 1.2e-03 over bar; A2 0.0045734 (other measurements sealed) rounds 1
        [step: frac 1.0  |dx| 3.34e-05  df 85.08%]
      [sj 0: RMS 1.4e-08  wres 3.58e-05  lam 3e-05]
        [step: frac 1.0  |dx| 7.23e-05  df 22.01%]
      [sj 1: RMS 2.3e-08  wres 2.79e-05  lam 1e-05]
        [step: frac 1.0  |dx| 1.14e-04  df 42.58%]
      [sj 2: RMS 4.0e-08  wres 1.60e-05  lam 4e-06]
        [step: frac 1.0  |dx| 9.79e-05  df 49.12%]
      [sj 3: RMS 5.1e-08  wres 8.16e-06  lam 1e-06]
        [step: frac 1.0  |dx| 9.41e-05  df 28.81%]
      [sj 4: RMS 4.5e-08  wres 5.81e-06  lam 4e-07]
        [step: frac 1.0  |dx| 1.49e-04  df 39.83%]
      [sj 5: RMS 2.8e-08  wres 3.50e-06  lam 1e-07]
        [step: frac 1.0  |dx| 1.38e-04  df 45.67%]
      [sj 6: RMS 1.5e-08  wres 1.90e-06  lam 5e-08]
        [step: frac 1.0  |dx| 1.02e-04  df 19.09%]
      [sj 7: RMS 1.2e-08  wres 1.54e-06  lam 2e-08]
        [step: frac 1.0  |dx| 1.41e-04  df 14.12%]
      [sj 8: RMS 1.1e-08  wres 1.32e-06  lam 5e-09]
        [step: frac 1.0  |dx| 1.65e-04  df 11.76%]
      [sj 9: RMS 9.3e-09  wres 1.16e-06  lam 2e-09]
[aan A1 p16] gated_rc; wsNyq 1.2e-03 over bar; A2 0.0047448 (other measurements sealed) rounds 10
        [step: frac 1.0  |dx| 1.03e-05  df 99.26%]
      [sj 0: RMS 1.2e-08  wres 1.83e-06  lam 3e-05]
        [step: frac 1.0  |dx| 2.53e-06  df 9.77%]
      [sj 1: RMS 1.1e-08  wres 1.65e-06  lam 1e-05]
        [step: frac 1.0  |dx| 4.01e-06  df 12.42%]
      [sj 2: RMS 1.1e-08  wres 1.45e-06  lam 4e-06]
        [step: frac 1.0  |dx| 5.16e-04  df 30.51%]
      [sj 3: RMS 8.1e-09  wres 1.01e-06  lam 1e-09]
[aan A1 p17] gated_rc; wsNyq 1.3e-03 over bar; A2 0.0049163 (other measurements sealed) rounds 4
        [step: frac 1.0  |dx| 1.53e-05  df 94.85%]
      [sj 0: RMS 7.7e-09  wres 1.27e-05  lam 3e-05]
[aan A1 p18] gated_rc; wsNyq 1.3e-03 over bar; A2 0.0050877 (other measurements sealed) rounds 1
        [step: frac 1.0  |dx| 3.32e-05  df 85.65%]
      [sj 0: RMS 8.3e-09  wres 3.57e-05  lam 3e-05]
[aan A1 p19] gated_rc; wsNyq 1.3e-03 over bar; A2 0.0052591 (other measurements sealed) rounds 1
      [sj 0: RMS 5.7e-07  wres 7.17e-05  lam 1e-03  no step]
      [sj 1: RMS 5.7e-07  wres 7.17e-05  lam 1e-02  no step]
      [sj 2: RMS 5.7e-07  wres 7.17e-05  lam 1e-01  no step]
      [sj 3: RMS 5.7e-07  wres 7.17e-05  lam 1e+00  no step]
        [step: frac 1.0  |dx| 6.70e-07  df 0.65%]
      [sj 4: RMS 5.7e-07  wres 7.13e-05  lam 3e-01]
        [step: frac 1.0  |dx| 7.12e-07  df 0.15%]
      [sj 5: RMS 5.7e-07  wres 7.12e-05  lam 1e-01]
      [sj 6: RMS 5.7e-07  wres 7.12e-05  lam 1e+00  no step]
        [step: frac 1.0  |dx| 1.60e-07  df 0.19%]
      [sj 7: RMS 5.7e-07  wres 7.10e-05  lam 4e-01]
      [sj 8: RMS 5.7e-07  wres 7.10e-05  lam 1e-08  no step]
      [sj 9: RMS 5.7e-07  wres 7.10e-05  lam 1e-07  no step]
      [sj 10: RMS 5.7e-07  wres 7.10e-05  lam 1e-06  no step]
      [sj 11: RMS 5.7e-07  wres 7.10e-05  lam 1e-05  no step]
      [sj 12: RMS 5.7e-07  wres 7.10e-05  lam 1e-04  no step]
      [sj 13: RMS 5.7e-07  wres 7.10e-05  lam 1e-03  no step]
      [sj 14: RMS 5.7e-07  wres 7.10e-05  lam 1e-02  no step]
      [sj 15: RMS 5.7e-07  wres 7.10e-05  lam 1e-01  no step]
      [sj 16: RMS 5.7e-07  wres 7.10e-05  lam 1e+00  no step]
        [step: frac 1.0  |dx| 1.47e-07  df 0.16%]
      [sj 17: RMS 5.6e-07  wres 7.09e-05  lam 3e-01]
      [sj 18: RMS 5.6e-07  wres 7.09e-05  lam 3e+00  no step]
        [step: frac 1.0  |dx| 5.09e-08  df 0.09%]
      [sj 19: RMS 5.6e-07  wres 7.09e-05  lam 1e+00]
        [step: frac 1.0  |dx| 1.16e-07  df 0.13%]
      [sj 20: RMS 5.6e-07  wres 7.08e-05  lam 4e-01]
      [sj 21 (gnd-esc): RMS 5.6e-07  wres 7.08e-05  no step]
      [sj 22: RMS 5.6e-07  wres 7.08e-05  lam 4e+00  no step]
        [step: frac 1.0  |dx| 4.30e-08  df 0.08%]
      [sj 23: RMS 5.6e-07  wres 7.07e-05  lam 1e+00]
        [step: frac 1.0  |dx| 9.60e-08  df 0.10%]
      [sj 24: RMS 5.6e-07  wres 7.06e-05  lam 4e-01]
      [sj 25: RMS 5.6e-07  wres 7.06e-05  lam 4e+00  no step]
        [step: frac 1.0  |dx| 3.72e-08  df 0.06%]
      [sj 26: RMS 5.6e-07  wres 7.06e-05  lam 1e+00]
      [sj 27: RMS 5.6e-07  wres 7.06e-05  lam 1e-08  no step]
      [sj 28: RMS 5.6e-07  wres 7.06e-05  lam 1e-07  no step]
      [sj 29: RMS 5.6e-07  wres 7.06e-05  lam 1e-06  no step]
      [sj 30: RMS 5.6e-07  wres 7.06e-05  lam 1e-05  no step]
      [sj 31: RMS 5.6e-07  wres 7.06e-05  lam 1e-04  no step]
      [sj 32: RMS 5.6e-07  wres 7.06e-05  lam 1e-03  no step]
      [sj 33: RMS 5.6e-07  wres 7.06e-05  lam 1e-02  no step]
      [sj 34: RMS 5.6e-07  wres 7.06e-05  lam 1e-01  no step]
      [sj 35: RMS 5.6e-07  wres 7.06e-05  lam 1e+00  no step]
        [step: frac 1.0  |dx| 1.02e-07  df 0.08%]
      [sj 36: RMS 5.6e-07  wres 7.05e-05  lam 3e-01]
      [sj 37: RMS 5.6e-07  wres 7.05e-05  lam 3e+00  no step]
        [step: frac 1.0  |dx| 3.99e-08  df 0.07%]
      [sj 38: RMS 5.6e-07  wres 7.05e-05  lam 1e+00]
        [step: frac 1.0  |dx| 8.24e-08  df 0.07%]
      [sj 39: RMS 5.6e-07  wres 7.05e-05  lam 4e-01]
      [sj 40 (gnd-esc): RMS 5.6e-07  wres 7.05e-05  no step]
      [sj 41: RMS 5.6e-07  wres 7.05e-05  lam 4e+00  no step]
        [step: frac 1.0  |dx| 3.51e-08  df 0.06%]
      [sj 42: RMS 5.6e-07  wres 7.04e-05  lam 1e+00]
        [step: frac 1.0  |dx| 6.95e-08  df 0.06%]
      [sj 43: RMS 5.6e-07  wres 7.04e-05  lam 4e-01]
      [sj 44: RMS 5.6e-07  wres 7.04e-05  lam 4e+00  no step]
        [step: frac 1.0  |dx| 3.12e-08  df 0.05%]
      [sj 45: RMS 5.6e-07  wres 7.03e-05  lam 1e+00]
      [sj 46: RMS 5.6e-07  wres 7.03e-05  lam 1e-08  no step]
      [sj 47: RMS 5.6e-07  wres 7.03e-05  lam 1e-07  no step]
      [sj 48: RMS 5.6e-07  wres 7.03e-05  lam 1e-06  no step]
      [sj 49: RMS 5.6e-07  wres 7.03e-05  lam 1e-05  no step]
      [sj 50: RMS 5.6e-07  wres 7.03e-05  lam 1e-04  no step]
      [sj 51: RMS 5.6e-07  wres 7.03e-05  lam 1e-03  no step]
      [sj 52: RMS 5.6e-07  wres 7.03e-05  lam 1e-02  no step]
      [sj 53: RMS 5.6e-07  wres 7.03e-05  lam 1e-01  no step]
      [sj 54: RMS 5.6e-07  wres 7.03e-05  lam 1e+00  no step]
        [step: frac 1.0  |dx| 7.51e-08  df 0.04%]
      [sj 55: RMS 5.6e-07  wres 7.03e-05  lam 3e-01]
      [sj 56: RMS 5.6e-07  wres 7.03e-05  lam 3e+00  no step]
        [step: frac 1.0  |dx| 3.34e-08  df 0.05%]
      [sj 57: RMS 5.6e-07  wres 7.03e-05  lam 1e+00]
        [step: frac 1.0  |dx| 6.14e-08  df 0.04%]
      [sj 58: RMS 5.6e-07  wres 7.03e-05  lam 4e-01]
      [sj 59 (gnd-esc): RMS 5.6e-07  wres 7.03e-05  no step]
[aan A2 p0] REFUSED (RMS 5.6e-07 after 60 rounds)
[aan] ANTI-ARC-NYQ COMPLETE -- run the verdict
