      [sj resume from saved round 60  lam 1e-05]
      [alt: lsmr step accepted]
      [sj 0: RMS 1.6e-09  wres 1.94e-04  lam 1e-04]
        [step: frac 1.0  |dx| 1.28e-07  df 0.00%]
      [sj 1: RMS 1.6e-09  wres 1.94e-04  lam 3e-05]
      [alt: lsmr step accepted]
      [sj 2: RMS 1.6e-09  wres 1.92e-04  lam 1e-08]
      [alt: lsmr step accepted]
      [sj 3: RMS 1.6e-09  wres 1.92e-04  lam 1e-07]
      [alt: lsmr step accepted]
      [sj 4: RMS 1.6e-09  wres 1.91e-04  lam 1e-06]
      [sj 5 (gnd-esc): RMS 1.6e-09  wres 1.90e-04]
      [alt: lsmr step accepted]
      [sj 6: RMS 1.6e-09  wres 1.89e-04  lam 1e-05]
      [alt: lsmr step accepted]
      [sj 7: RMS 1.6e-09  wres 1.89e-04  lam 1e-04]
        [step: frac 1.0  |dx| 1.27e-07  df 0.00%]
      [sj 8: RMS 1.6e-09  wres 1.89e-04  lam 3e-05]
      [alt: lsmr step accepted]
      [sj 9: RMS 1.6e-09  wres 1.86e-04  lam 1e-08]
      [alt: lsmr step accepted]
      [sj 10: RMS 1.6e-09  wres 1.86e-04  lam 1e-07]
      [alt: lsmr step accepted]
      [sj 11: RMS 1.6e-09  wres 1.85e-04  lam 1e-06]
      [sj 12 (gnd-esc): RMS 1.6e-09  wres 1.85e-04]
      [alt: lsmr step accepted]
      [sj 13: RMS 1.6e-09  wres 1.84e-04  lam 1e-05]
      [alt: lsmr step accepted]
      [sj 14: RMS 1.6e-09  wres 1.83e-04  lam 1e-04]
        [step: frac 1.0  |dx| 1.27e-07  df 0.00%]
      [sj 15: RMS 1.6e-09  wres 1.83e-04  lam 3e-05]
      [alt: lsmr step accepted]
      [sj 16: RMS 1.6e-09  wres 1.81e-04  lam 1e-08]
      [alt: lsmr step accepted]
      [sj 17: RMS 1.6e-09  wres 1.80e-04  lam 1e-07]
      [alt: lsmr step accepted]
      [sj 18: RMS 1.6e-09  wres 1.79e-04  lam 1e-06]
      [sj 19 (gnd-esc): RMS 1.6e-09  wres 1.79e-04]
      [alt: lsmr step accepted]
      [sj 20: RMS 1.6e-09  wres 1.78e-04  lam 1e-05]
      [alt: lsmr step accepted]
      [sj 21: RMS 1.6e-09  wres 1.78e-04  lam 1e-04]
        [step: frac 1.0  |dx| 1.26e-07  df 0.00%]
      [sj 22: RMS 1.6e-09  wres 1.78e-04  lam 3e-05]
      [alt: lsmr step accepted]
      [sj 23: RMS 1.6e-09  wres 1.75e-04  lam 1e-08]
      [alt: lsmr step accepted]
      [sj 24: RMS 1.6e-09  wres 1.75e-04  lam 1e-07]
      [alt: lsmr step accepted]
      [sj 25: RMS 1.6e-09  wres 1.74e-04  lam 1e-06]
      [sj 26 (gnd-esc): RMS 1.6e-09  wres 1.74e-04]
      [alt: lsmr step accepted]
      [sj 27: RMS 1.6e-09  wres 1.73e-04  lam 1e-05]
      [alt: lsmr step accepted]
      [sj 28: RMS 1.6e-09  wres 1.72e-04  lam 1e-04]
        [step: frac 1.0  |dx| 1.26e-07  df 0.00%]
      [sj 29: RMS 1.6e-09  wres 1.72e-04  lam 3e-05]
      [alt: lsmr step accepted]
      [sj 30: RMS 1.6e-09  wres 1.70e-04  lam 1e-08]
      [alt: lsmr step accepted]
      [sj 31: RMS 1.6e-09  wres 1.70e-04  lam 1e-07]
      [alt: lsmr step accepted]
      [sj 32: RMS 1.6e-09  wres 1.68e-04  lam 1e-06]
      [sj 33 (gnd-esc): RMS 1.6e-09  wres 1.68e-04]
      [alt: lsmr step accepted]
      [sj 34: RMS 1.6e-09  wres 1.67e-04  lam 1e-05]
      [alt: lsmr step accepted]
      [sj 35: RMS 1.6e-09  wres 1.67e-04  lam 1e-04]
        [step: frac 1.0  |dx| 1.26e-07  df 0.00%]
      [sj 36: RMS 1.6e-09  wres 1.67e-04  lam 3e-05]
      [alt: lsmr step accepted]
      [sj 37: RMS 1.6e-09  wres 1.64e-04  lam 1e-08]
      [alt: lsmr step accepted]
      [sj 38: RMS 1.6e-09  wres 1.64e-04  lam 1e-07]
      [alt: lsmr step accepted]
      [sj 39: RMS 1.6e-09  wres 1.63e-04  lam 1e-06]
      [sj 40 (gnd-esc): RMS 1.6e-09  wres 1.63e-04]
      [alt: lsmr step accepted]
      [sj 41: RMS 1.6e-09  wres 1.62e-04  lam 1e-05]
      [alt: lsmr step accepted]
      [sj 42: RMS 1.6e-09  wres 1.61e-04  lam 1e-04]
        [step: frac 1.0  |dx| 1.25e-07  df 0.00%]
      [sj 43: RMS 1.6e-09  wres 1.61e-04  lam 3e-05]
      [alt: lsmr step accepted]
      [sj 44: RMS 1.6e-09  wres 1.59e-04  lam 1e-08]
      [alt: lsmr step accepted]
      [sj 45: RMS 1.6e-09  wres 1.59e-04  lam 1e-07]
      [alt: lsmr step accepted]
      [sj 46: RMS 1.6e-09  wres 1.58e-04  lam 1e-06]
      [sj 47 (gnd-esc): RMS 1.6e-09  wres 1.57e-04]
      [alt: lsmr step accepted]
      [sj 48: RMS 1.6e-09  wres 1.56e-04  lam 1e-05]
      [alt: lsmr step accepted]
      [sj 49: RMS 1.6e-09  wres 1.56e-04  lam 1e-04]
        [step: frac 1.0  |dx| 1.25e-07  df 0.00%]
      [sj 50: RMS 1.6e-09  wres 1.56e-04  lam 3e-05]
      [alt: lsmr step accepted]
      [sj 51: RMS 1.6e-09  wres 1.54e-04  lam 1e-08]
      [alt: lsmr step accepted]
      [sj 52: RMS 1.6e-09  wres 1.53e-04  lam 1e-07]
      [alt: lsmr step accepted]
      [sj 53: RMS 1.6e-09  wres 1.52e-04  lam 1e-06]
      [sj 54 (gnd-esc): RMS 1.6e-09  wres 1.52e-04]
      [alt: lsmr step accepted]
      [sj 55: RMS 1.6e-09  wres 1.51e-04  lam 1e-05]
[aan2 c2A1] aligned arc point: RMS 1.6e-09 clos 1.0e-06 wsNyq 4.0e-09 gated_clean True rounds 177
      [sj resume from saved round 43  lam 1e-03]
      [alt: lsmr step accepted]
      [sj 0: RMS 1.0e-08  wres 2.93e-04  lam 1e-08]
      [alt: lsmr step accepted]
      [sj 1: RMS 1.0e-08  wres 2.93e-04  lam 1e-07]
      [alt: lsmr step accepted]
      [sj 2: RMS 1.0e-08  wres 2.93e-04  lam 1e-06]
      [sj 3 (gnd-esc): RMS 1.0e-08  wres 2.93e-04]
[aan2 c2A2] aligned arc point: RMS 1.0e-08 clos 4.2e-07 wsNyq 1.9e-09 gated_clean True rounds 64
[aan2] ANTI-ARC-NYQ-2 COMPLETE -- run the verdict
