KERNEL-MARCH-2 -- sealed record: 90 gated arc points; halt = None
 i         A2         rate    f_dir        om2      RMS    sigma  GN-control
29 0.0053736 +1.3716e-03 0.60495 -1.110746 6.9e-10  2.4e-03  
34 0.0059219 +1.3704e-03 0.60421 -1.110752 7.1e-10  2.7e-03  
39 0.0064698 +1.3686e-03 0.60155 -1.110758 9.2e-10  3.0e-03  rms_gn 5.6e-10 GATES
44 0.0070164 +1.3638e-03 0.59768 -1.110764 1.1e-09  3.3e-03  
49 0.0074672 +7.9875e-04 0.42211 -1.110796 2.5e-09  3.6e-03  rms_gn 6.9e-10 GATES
54 0.0077903 +8.2569e-04 0.43786 -1.110851 1.2e-09  4.1e-03  
59 0.0081294 +8.6807e-04 0.46176 -1.110914 2.4e-09  4.6e-03  rms_gn 4.0e-10 GATES
64 0.0084803 +8.8097e-04 0.47273 -1.110982 2.4e-09  5.2e-03  
69 0.0088330 +8.8395e-04 0.47867 -1.111051 2.4e-09  5.8e-03  rms_gn 2.2e-10 GATES
74 0.0091868 +8.8433e-04 0.48379 -1.111120 2.0e-09  6.3e-03  
79 0.0095399 +8.8049e-04 0.49022 -1.111183 1.6e-09  6.9e-03  rms_gn 1.3e-10 GATES
84 0.0098910 +8.7564e-04 0.49567 -1.111238 7.8e-10  7.5e-03  
87 0.0101010 +8.7391e-04 0.49886 -1.111267 5.0e-10  7.8e-03  
88 0.0101709 +8.7353e-04 0.49993 -1.111275 4.3e-10  7.9e-03  
89 0.0102407 +8.7322e-04 0.50098 -1.111284 3.7e-10  8.1e-03  rms_gn 2.9e-11 GATES

extension points gated: 60/60; C1 (last 10 vs first 10 of the extension): f_dir rise -0.1075 vs +0.15
sigma at p89: 8.07e-03; sigma >= 1e-2 first reached at never
GN controls: [(39, '5.6e-10', 'GATES'), (49, '6.9e-10', 'GATES'), (59, '4.0e-10', 'GATES'), (69, '2.2e-10', 'GATES'), (79, '1.3e-10', 'GATES'), (89, '2.9e-11', 'GATES')]
** KM2-NOT-REGULAR **
sigma(A2) linear fit over the extension: slope 1.248e+00 per unit A2, intercept -5.19e-03; ratio sigma[-1]/sigma[30] = 3.33 over A2 x1.87
detuning from -Om1/4: -2.59e-05 (p30) -> -5.63e-04 (p89); rate 1.3713e-03 -> 8.7322e-04 (-36.3%)
