KERNEL-MARCH -- sealed record: 20 gated arc points; halt = None
s0: A2 0.0020880 om2 -1.110728 RMS 6.6e-09 | s1: gated in 2 rounds, sigma 2.4e-04
 i         A2         rate        V_pt    f_dir        om2      RMS    b_step    sigma
 0 0.0021852 +1.3860e-03 7.6950e-03 0.60365 -1.110728 7.1e-10 +9.91e-10  2.7e-04
 1 0.0022957 +1.3763e-03 7.6424e-03 0.60486 -1.110728 2.4e-09 +1.77e-09  3.2e-04
 2 0.0024058 +1.3756e-03 7.6406e-03 0.60521 -1.110728 6.8e-10 -2.70e-09  3.7e-04
 3 0.0025158 +1.3756e-03 7.6408e-03 0.60528 -1.110728 6.0e-10 +3.90e-09  4.3e-04
 4 0.0026259 +1.3756e-03 7.6407e-03 0.60526 -1.110728 6.0e-10 -5.47e-09  5.0e-04
 5 0.0027359 +1.3755e-03 7.6403e-03 0.60522 -1.110729 5.9e-10 +7.44e-09  5.7e-04
 6 0.0028459 +1.3753e-03 7.6397e-03 0.60513 -1.110729 5.9e-10 +9.89e-09  6.4e-04
 7 0.0029560 +1.3752e-03 7.6394e-03 0.60508 -1.110729 5.9e-10 +1.30e-08  7.1e-04
 8 0.0030660 +1.3751e-03 7.6390e-03 0.60501 -1.110730 5.9e-10 +1.68e-08  7.9e-04
 9 0.0031760 +1.3749e-03 7.6385e-03 0.60494 -1.110730 5.9e-10 -2.13e-08  8.6e-04
10 0.0032860 +1.3748e-03 7.6382e-03 0.60488 -1.110730 6.0e-10 -2.66e-08  9.4e-04
11 0.0033959 +1.3747e-03 7.6379e-03 0.60484 -1.110731 6.1e-10 -3.27e-08  1.0e-03
12 0.0035059 +1.3745e-03 7.6376e-03 0.60479 -1.110731 6.3e-10 -3.97e-08  1.1e-03
13 0.0036159 +1.3744e-03 7.6374e-03 0.60477 -1.110732 6.5e-10 +4.74e-08  1.2e-03
14 0.0037258 +1.3743e-03 7.6372e-03 0.60473 -1.110732 6.5e-10 -5.59e-08  1.2e-03
15 0.0038358 +1.3742e-03 7.6372e-03 0.60473 -1.110733 6.7e-10 +6.49e-08  1.3e-03
16 0.0039457 +1.3740e-03 7.6370e-03 0.60470 -1.110734 6.8e-10 +7.42e-08  1.4e-03
17 0.0040556 +1.3739e-03 7.6368e-03 0.60467 -1.110734 7.0e-10 +8.38e-08  1.5e-03
18 0.0041655 +1.3737e-03 7.6370e-03 0.60469 -1.110735 7.1e-10 +9.27e-08  1.5e-03
19 0.0042754 +1.3736e-03 7.6370e-03 0.60470 -1.110736 7.2e-10 +1.00e-07  1.6e-03

C1: f_dir rise +0.0001 vs +0.15;  A2_max 0.00428 (needs >= 0.0053);  points 20
** KM-SCOPE **
display: om2 vs -Om1/4 = -1.110721: detuning -7.37e-06 -> -1.52e-05; rate 1.3860e-03 -> 1.3736e-03; A2 spacing 1.100e-04
