KM-TURN -- verdict from the sealed checkpoint (run once)

TEST A (backward bordered march from p51 -> p50): 12 points gated; halt None
 k    A2_back fwd point     A2_fwd  d_k=|xb-xf|/|x|     rate_b     rate_f  fdir_b  fdir_f      om2_b      om2_f
 0 0.0075311       p49 0.0074672         1.13e-06 -7.976e-04 +7.987e-04  0.4227  0.4221  -1.110796  -1.110796
 1 0.0074673       p48 0.0074026         3.74e-06 -7.981e-04 +8.154e-04  0.4217  0.4269  -1.110787  -1.110787
 2 0.0074029       p47 0.0073277         8.04e-06 -8.117e-04 +1.057e-03  0.4252  0.4479  -1.110777  -1.110777
 3 0.0073364       p46 0.0072326         7.34e-05 -8.492e-04 +1.321e-03  0.4357  0.5918  -1.110769  -1.110767
 4 0.0072668       p45 0.0071254         2.06e-04 -8.915e-04 +1.360e-03  0.4460  0.5972  -1.110761  -1.110765
 5 0.0071946       p44 0.0070164         4.13e-04 -9.144e-04 +1.364e-03  0.4507  0.5977  -1.110754  -1.110764
 6 0.0071211       p43 0.0069073         6.31e-04 -9.219e-04 +1.365e-03  0.4518  0.5983  -1.110748  -1.110763
 7 0.0070472       p42 0.0067980         8.50e-04 -9.258e-04 +1.366e-03  0.4518  0.5991  -1.110742  -1.110762
 8 0.0069731       p41 0.0066887         1.07e-03 -9.276e-04 +1.367e-03  0.4514  0.5999  -1.110736  -1.110760
 9 0.0068988       p40 0.0065793         1.29e-03 -9.288e-04 +1.368e-03  0.4510  0.6007  -1.110732  -1.110759
10 0.0068245       p39 0.0064698         1.51e-03 -9.296e-04 +1.369e-03  0.4505  0.6015  -1.110728  -1.110758
11 0.0067501       p38 0.0063603         1.73e-03 -9.305e-04 +1.369e-03  0.4503  0.6023  -1.110724  -1.110757
A: max d_k = 1.73e-03 -> intermediate (neither threshold)

TEST B (plain-GN forward march from p38 -> p39): 7 points gated; halt p7 refused
  p0 A2 0.0065793 rate +1.368e-03 f_dir 0.6016 om2 -1.110759 RMS 9.8e-09   (bordered p40: rate +1.368e-03 f_dir 0.6007)
  p1 A2 0.0066887 rate +1.368e-03 f_dir 0.6018 om2 -1.110760 RMS 8.0e-09   (bordered p41: rate +1.367e-03 f_dir 0.5999)
  p2 A2 0.0067981 rate +1.367e-03 f_dir 0.6019 om2 -1.110762 RMS 7.8e-09   (bordered p42: rate +1.366e-03 f_dir 0.5991)
  p3 A2 0.0069075 rate +1.367e-03 f_dir 0.6020 om2 -1.110763 RMS 6.5e-09   (bordered p43: rate +1.365e-03 f_dir 0.5983)
  p4 A2 0.0070168 rate +1.366e-03 f_dir 0.6021 om2 -1.110764 RMS 8.1e-09   (bordered p44: rate +1.364e-03 f_dir 0.5977)
  p5 A2 0.0071261 rate +1.364e-03 f_dir 0.6018 om2 -1.110766 RMS 9.9e-09   (bordered p45: rate +1.360e-03 f_dir 0.5972)
  p6 A2 0.0072341 rate +1.336e-03 f_dir 0.5951 om2 -1.110768 RMS 9.8e-09   (bordered p46: rate +1.321e-03 f_dir 0.5918)
B: same event False; no event False; refused at the turn True (halt: p7 refused; last gated A2 0.0072341)

** TURN-UNRESOLVED **
