[kr verdict] rungs run [3, 5, 7, 9, 11, 13, 15, 17, 19, 21]; certified at grade [3, 5, 7, 9, 11, 13, 15, 17, 19, 21]; halt: ladder complete; reach 21
[kr verdict]   n= 3 N= 120 L/D   16.908 grade 0.0008 S  -13.429 contacts   3 len   26.49 det_ok True 0.4 min
[kr verdict]   n= 5 N= 200 L/D   25.048 grade 0.0055 S  -19.776 contacts   3 len   39.01 det_ok True 1.5 min
[kr verdict]   n= 7 N= 280 L/D   31.452 grade 0.0014 S  -29.289 contacts   8 len   57.85 det_ok True 10.7 min
[kr verdict]   n= 9 N= 360 L/D   44.370 grade 0.0076 S  -42.105 contacts  14 len   83.19 det_ok True 43.0 min
[kr verdict]   n=11 N= 440 L/D   53.541 grade 0.0052 S  -56.094 contacts  17 len  110.92 det_ok True 66.0 min
[kr verdict]   n=13 N= 520 L/D   59.230 grade 0.0053 S  -63.890 contacts  13 len  126.32 det_ok True 28.9 min
[kr verdict]   n=15 N= 600 L/D   68.021 grade 0.0023 S  -67.257 contacts  25 len  132.81 det_ok True 21.2 min
[kr verdict]   n=17 N= 680 L/D   76.900 grade 0.0012 S  -81.251 contacts  34 len  160.59 det_ok True 26.6 min
[kr verdict]   n=19 N= 760 L/D   88.319 grade 0.0079 S  -96.143 contacts  39 len  190.06 det_ok True 17.8 min
[kr verdict]   n=21 N= 840 L/D   93.334 grade 0.0070 S -103.410 contacts  36 len  204.39 det_ok True 82.9 min
[kr verdict K5] reach: n = 21 (largest rung certified at both ends and within the 3-percent grade)
[kr verdict K3] pure length: log L = 0.9605 log n + 1.6328; p = 0.9605 +/- 0.0378 on 8 rungs (n >= 7)
[kr verdict K3] per-crossing cost dL/dn on the top rungs: 5.709, 2.508 (D per crossing)
[kr verdict K3] two-term mass at lam = 0.0: p = 0.9605 +/- 0.0378
[kr verdict K3] two-term mass at lam = 0.3: p = 0.8970 +/- 0.0394
[kr verdict K4] price under the fitted pure-length law (m(3_1) = 16.908 D, m(ring) = pi D):
[kr verdict K4]   crossings for m/m(3_1) = 343: 1514 (band 1147 to 2043)
[kr verdict K4]   crossings for m/m(ring) = 1836: 1505 (band 1141 to 2031)
[kr verdict] VERDICT: LINEAR (p = 0.9605 +/- 0.0378; band (0.9, 1.1)); reach n = 21
