[sms C2-C5] w^2 = kt_node/V_0 = T0*r**2/(2*V_0*a);  omega_min^2 = V_0*c**2/(T0*a*r**2);  E_c(V_0) = 4*pi*V_0/(5*a*e)
[sms identity] E_c = (4 pi / 5) V_0 / (e a) exactly (ratio 1): the breakdown field is the well depth per node over the charge times the spacing, times 4 pi/5. FND-182's unpinned w is the same unknown as V_0.
[sms B-2] E_c dimensions 4*pi*J/(5*C*m) (J/(C m) = V/m up to the numeric factor: True); omega_min dimensions 1/s (1/s: True); w^2 dimensionless: True
[sms note] two registered twist stiffnesses per node: rod route T0 r^2/(2a) (GRV-073) and band route T0 r^2/(5a) (FND-MATTER-047, used by FND-182); ratio 2.5, both registered, both carried.
[sms display] the registered w bracket [0.8, 2.8] mapped to V_0 per node, the twist gap and E_c (hbar imported for the eV line):
[sms display]   kappa_pack 1   rod  w 0.8: V_0 4.94e-20 J (0.308 eV/node)  omega_min 4.42e+24 rad/s  hbar omega 2.91 GeV  E_c 1.29e+16 V/m
[sms display]   kappa_pack 1   rod  w 2.8: V_0 4.03e-21 J (0.025 eV/node)  omega_min 1.26e+24 rad/s  hbar omega 0.83 GeV  E_c 1.05e+15 V/m
[sms display]   kappa_pack 1   band w 0.8: V_0 1.98e-20 J (0.123 eV/node)  omega_min 2.79e+24 rad/s  hbar omega 1.84 GeV  E_c 5.17e+15 V/m
[sms display]   kappa_pack 1   band w 2.8: V_0 1.61e-21 J (0.010 eV/node)  omega_min 7.98e+23 rad/s  hbar omega 0.53 GeV  E_c 4.22e+14 V/m
[sms display]   kappa_pack 50  rod  w 0.8: V_0 6.70e-19 J (4.182 eV/node)  omega_min 1.63e+25 rad/s  hbar omega 10.70 GeV  E_c 6.45e+17 V/m
[sms display]   kappa_pack 50  rod  w 2.8: V_0 5.47e-20 J (0.341 eV/node)  omega_min 4.64e+24 rad/s  hbar omega 3.06 GeV  E_c 5.26e+16 V/m
[sms display]   kappa_pack 50  band w 0.8: V_0 2.68e-19 J (1.673 eV/node)  omega_min 1.03e+25 rad/s  hbar omega 6.77 GeV  E_c 2.58e+17 V/m
[sms display]   kappa_pack 50  band w 2.8: V_0 2.19e-20 J (0.137 eV/node)  omega_min 2.94e+24 rad/s  hbar omega 1.93 GeV  E_c 2.11e+16 V/m
[sms display]   kappa_pack 250 rod  w 0.8: V_0 1.96e-18 J (12.231 eV/node)  omega_min 2.78e+25 rad/s  hbar omega 18.30 GeV  E_c 3.23e+18 V/m
[sms display]   kappa_pack 250 rod  w 2.8: V_0 1.60e-19 J (0.998 eV/node)  omega_min 7.94e+24 rad/s  hbar omega 5.23 GeV  E_c 2.63e+17 V/m
[sms display]   kappa_pack 250 band w 0.8: V_0 7.84e-19 J (4.892 eV/node)  omega_min 1.76e+25 rad/s  hbar omega 11.58 GeV  E_c 1.29e+18 V/m
[sms display]   kappa_pack 250 band w 2.8: V_0 6.40e-20 J (0.399 eV/node)  omega_min 5.02e+24 rad/s  hbar omega 3.31 GeV  E_c 1.05e+17 V/m
[sms display] V_0 per node that would put E_c at the laser record / at Schwinger (kappa_pack 1): 3.48e-21 J (0.022 eV) / 5.05e-18 J (31.5 eV); against T0 a = 1.6e+05 eV per node of tension energy
[sms C1] REFUSED under B-1: A_c and sigma of the contact law are symbolic in EM-RECON-023 (no registered joules or metres); FND-KIN-005's plateau is a 13.6 eV-calibrated atomic mode overlap, not the vacuum crossing; no registered coarse crossing density per node. V_0 stays a symbol.
[sms VERDICT] MASS-SCALE-UNDETERMINED: the chain is exact and dimensionally checked; the missing registered inputs are A_c (J), sigma (m) and the crossings per node of the coarse weave.
[sms] sealed -> strand_mass_scale.npz
